// Jest Snapshot v1, https://goo.gl/fbAQLP

exports[`Pruebas en component button Prueba match snaptshot 1`] = `
<div>
  <button
    class="custom-button custom-button-primary"
    data-testid="button-test-id"
  >
    button
  </button>
</div>
`;
